2026-06-01 08:02:08,064 | INFO | Loading configuration from data/metadata/preprocessing_config.yaml
2026-06-01 08:02:08,080 | INFO | Scanning MP4 files under data/raw
2026-06-01 08:02:08,096 | INFO | Found 39 MP4 file(s).
2026-06-01 08:02:08,112 | INFO | [1/39] Reading metadata for GX010044.MP4
2026-06-01 08:02:09,956 | INFO | [2/39] Reading metadata for GX020044.MP4
2026-06-01 08:02:10,548 | INFO | [3/39] Reading metadata for GX030044.MP4
2026-06-01 08:02:11,140 | INFO | [4/39] Reading metadata for GX040044.MP4
2026-06-01 08:02:11,717 | INFO | [5/39] Reading metadata for GX050044.MP4
2026-06-01 08:02:12,310 | INFO | [6/39] Reading metadata for GX060044.MP4
2026-06-01 08:02:12,901 | INFO | [7/39] Reading metadata for GX070044.MP4
2026-06-01 08:02:13,506 | INFO | [8/39] Reading metadata for GX080044.MP4
2026-06-01 08:02:14,100 | INFO | [9/39] Reading metadata for GX090044.MP4
2026-06-01 08:02:14,698 | INFO | [10/39] Reading metadata for GX100044.MP4
2026-06-01 08:02:15,316 | INFO | [11/39] Reading metadata for GX110044.MP4
2026-06-01 08:02:15,909 | INFO | [12/39] Reading metadata for GX120044.MP4
2026-06-01 08:02:16,499 | INFO | [13/39] Reading metadata for GX130044.MP4
2026-06-01 08:02:17,098 | INFO | [14/39] Reading metadata for GX140044.MP4
2026-06-01 08:02:17,684 | INFO | [15/39] Reading metadata for GX150044.MP4
2026-06-01 08:02:18,285 | INFO | [16/39] Reading metadata for GX160044.MP4
2026-06-01 08:02:18,870 | INFO | [17/39] Reading metadata for GX170044.MP4
2026-06-01 08:02:19,462 | INFO | [18/39] Reading metadata for GX180044.MP4
2026-06-01 08:02:20,040 | INFO | [19/39] Reading metadata for GX190044.MP4
2026-06-01 08:02:20,632 | INFO | [20/39] Reading metadata for GX200044.MP4
2026-06-01 08:02:21,226 | INFO | [21/39] Reading metadata for GX210044.MP4
2026-06-01 08:02:21,803 | INFO | [22/39] Reading metadata for GX220044.MP4
2026-06-01 08:02:22,389 | INFO | [23/39] Reading metadata for GX230044.MP4
2026-06-01 08:02:22,978 | INFO | [24/39] Reading metadata for GX240044.MP4
2026-06-01 08:02:23,569 | INFO | [25/39] Reading metadata for GX250044.MP4
2026-06-01 08:02:24,146 | INFO | [26/39] Reading metadata for GX260044.MP4
2026-06-01 08:02:24,725 | INFO | [27/39] Reading metadata for GX270044.MP4
2026-06-01 08:02:25,318 | INFO | [28/39] Reading metadata for GX280044.MP4
2026-06-01 08:02:25,911 | INFO | [29/39] Reading metadata for GX290044.MP4
2026-06-01 08:02:26,487 | INFO | [30/39] Reading metadata for GX300044.MP4
2026-06-01 08:02:27,079 | INFO | [31/39] Reading metadata for GX310044.MP4
2026-06-01 08:02:27,657 | INFO | [32/39] Reading metadata for GX320044.MP4
2026-06-01 08:02:28,249 | INFO | [33/39] Reading metadata for GX330044.MP4
2026-06-01 08:02:28,826 | INFO | [34/39] Reading metadata for GX340044.MP4
2026-06-01 08:02:29,417 | INFO | [35/39] Reading metadata for GX350044.MP4
2026-06-01 08:02:30,026 | INFO | [36/39] Reading metadata for GX360044.MP4
2026-06-01 08:02:30,617 | INFO | [37/39] Reading metadata for GX370044.MP4
2026-06-01 08:02:31,194 | INFO | [38/39] Reading metadata for GX380044.MP4
2026-06-01 08:02:31,786 | INFO | [39/39] Reading metadata for GX390044.MP4
2026-06-01 08:02:32,363 | INFO | Writing media manifest...
2026-06-01 08:02:32,363 | INFO | Building video window index...
2026-06-01 08:02:32,524 | INFO | Writing preprocessing report...
2026-06-01 08:02:32,524 | INFO | Preprocessing complete.
